julia> maximum(ng_flows)
7094.64

julia> minimum(ng_flows)
0.0

julia> maximum(ng_pre)
446.31

julia> minimum(ng_pre)
153.18

julia> cost
1.5850168079802282e6

EL + NG System Cost:1.5850168079802282e6
Total Absolute Error:4.0426318264000005e8
RMS Error:3351.049514870097
NRMS Error:1.1849497372066207

julia> el_prod
12×24 Array{Float64,2}:
   0.0     0.0     0.0     0.0     0.0     0.0     0.0     4.16   53.45   76.0    99.53   58.29   57.82   44.59  124.59  120.11  112.71  120.85  139.49  152.0   152.0   133.72  129.51  129.28
   0.0     0.0     0.0     0.0     0.0     0.0     0.0     0.0     0.0     0.0     0.0     0.0     0.0     0.0     0.0     0.0     0.0     0.0     0.0    19.74   18.89    0.0     0.0     0.0
   0.0     0.0     0.0     0.0     0.0     0.0     0.0     0.0     0.0     0.0     0.0     0.0     0.0     0.0     0.0    81.99    0.0    28.46  145.19  150.0   150.0    47.75   28.66    0.0
 397.65  421.2   193.03   14.14   25.67   19.13  293.39  521.66  586.16  591.0   591.0   591.0   589.8   555.33  591.0   591.0   583.54  585.62  591.0   591.0   591.0   543.78  478.27  399.64
  60.0     0.0     0.0     0.0     0.0     0.0     0.0    30.0    34.45   32.27   60.0    30.0    30.0    30.0    60.0    60.0    30.0    60.0    60.0    60.0    60.0    30.0    30.0     0.0
 131.54    0.0     0.0     0.0     0.0     0.0     0.0     0.0     0.0     0.0    27.79    5.41   15.51    0.0    45.83   46.58   27.71   50.24   55.25   74.58   51.61   16.41    0.0     0.0
   0.0     0.0     0.0     0.0     0.0     0.0     0.0     0.0     0.0    75.28   77.5    35.77   38.17   18.26   77.5    77.5    77.5    77.5    77.5    77.5    77.5    84.26   87.7   101.58
 400.0   400.0   400.0   281.48  276.59  307.43  400.0   400.0   400.0   400.0   400.0   400.0   400.0   400.0   400.0   400.0   400.0   400.0   400.0   400.0   400.0   400.0   400.0   400.0
 400.0   400.0   278.48  200.0   200.0   200.0   335.91  400.0   400.0   400.0   400.0   400.0   400.0   400.0   400.0   400.0   400.0   400.0   400.0   400.0   400.0   400.0   400.0   400.0
   0.0     0.0     0.0     0.0     0.0     0.0     0.0    64.97   67.63  117.04  134.57  126.63   93.32   74.26  151.4   148.3   113.31  139.95  101.86  153.44  162.61  157.62  167.48  142.78
   0.0     0.0     0.0     0.0     0.0     0.0     0.0     0.0     0.0     0.0     0.0     0.0     0.0     0.0     0.0     0.0     0.0     0.0     0.0     0.0     0.0     0.0     0.0     0.0
 107.98  125.49    0.0     0.0     0.0     0.0     0.0   175.0   175.0   271.85  223.24  175.0   175.0   175.0   220.16  274.67  175.0   175.0   227.96  217.33  224.82  175.0   175.0   175.0

julia> el_lmp_da
24×24 Array{Float64,2}:
 31.52  31.52  28.86  25.83  25.83  25.83  28.86  35.5  37.68  40.82  43.14  40.41  40.07  39.76  46.8  48.91  45.01  48.22  48.92  59.8  61.25  48.21  48.21  40.99
 31.52  31.52  28.86  25.83  25.83  25.83  28.86  35.5  37.68  40.82  43.14  40.41  40.07  39.76  46.8  48.91  45.01  48.22  48.92  59.8  61.25  48.22  48.21  40.99
 31.52  31.52  28.86  25.83  25.83  25.83  28.86  35.5  37.68  40.82  43.14  40.41  40.07  39.76  46.8  48.91  45.01  48.22  48.92  59.8  61.25  48.21  48.21  40.99
 31.52  31.52  28.86  25.83  25.83  25.83  28.86  35.5  37.68  40.82  43.14  40.41  40.07  39.76  46.8  48.91  45.01  48.22  48.92  59.8  61.25  48.21  48.21  40.99
 31.52  31.52  28.86  25.83  25.83  25.83  28.86  35.5  37.68  40.82  43.14  40.41  40.07  39.76  46.8  48.91  45.01  48.22  48.92  59.8  61.25  48.21  48.21  40.99
 31.52  31.52  28.86  25.83  25.83  25.83  28.86  35.5  37.68  40.82  43.14  40.41  40.07  39.76  46.8  48.91  45.01  48.22  48.92  59.8  61.25  48.21  48.21  40.99
 31.52  31.52  28.86  25.83  25.83  25.83  28.86  35.5  37.68  40.82  43.14  40.41  40.07  39.76  46.8  48.91  45.01  48.22  48.92  59.8  61.25  48.21  48.21  40.99
 31.52  31.52  28.86  25.83  25.83  25.83  28.86  35.5  37.68  40.82  43.14  40.41  40.07  39.76  46.8  48.91  45.01  48.22  48.92  59.8  61.25  48.21  48.21  40.99
 31.52  31.52  28.86  25.83  25.83  25.83  28.86  35.5  37.68  40.82  43.14  40.41  40.07  39.76  46.8  48.91  45.01  48.22  48.92  59.8  61.25  48.21  48.21  40.99
 31.52  31.52  28.86  25.83  25.83  25.83  28.86  35.5  37.68  40.82  43.14  40.41  40.07  39.76  46.8  48.91  45.01  48.22  48.92  59.8  61.25  48.21  48.21  40.99
 31.52  31.52  28.86  25.83  25.83  25.83  28.86  35.5  37.68  40.82  43.14  40.41  40.07  39.76  46.8  48.91  45.01  48.22  48.92  59.8  61.25  48.21  48.21  40.99
 31.52  31.52  28.86  25.83  25.83  25.83  28.86  35.5  37.68  40.82  43.14  40.41  40.07  39.76  46.8  48.91  45.01  48.22  48.92  59.8  61.25  48.21  48.21  40.99
 31.52  31.52  28.86  25.83  25.83  25.83  28.86  35.5  37.68  40.82  43.14  40.41  40.07  39.76  46.8  48.91  45.01  48.22  48.92  59.8  61.25  48.21  48.21  40.99
 31.52  31.52  28.86  25.83  25.83  25.83  28.86  35.5  37.68  40.82  43.14  40.41  40.07  39.76  46.8  48.91  45.01  48.22  48.92  59.8  61.25  48.21  48.21  40.99
 31.52  31.52  28.86  25.83  25.83  25.83  28.86  35.5  37.68  40.82  43.14  40.41  40.07  39.76  46.8  48.91  45.01  48.22  48.92  59.8  61.25  48.21  48.21  40.99
 31.52  31.52  28.86  25.83  25.83  25.83  28.86  35.5  37.68  40.82  43.14  40.41  40.07  39.76  46.8  48.91  45.01  48.22  48.92  59.8  61.25  48.21  48.21  40.99
 31.52  31.52  28.86  25.83  25.83  25.83  28.86  35.5  37.68  40.82  43.14  40.41  40.07  39.76  46.8  48.91  45.01  48.22  48.92  59.8  61.25  48.21  48.21  40.99
 31.52  31.52  28.86  25.83  25.83  25.83  28.86  35.5  37.68  40.82  43.14  40.41  40.07  39.76  46.8  48.91  45.01  48.22  48.92  59.8  61.25  48.21  48.21  40.99
 31.52  31.52  28.86  25.83  25.83  25.83  28.86  35.5  37.68  40.82  43.14  40.41  40.07  39.76  46.8  48.91  45.01  48.22  48.92  59.8  61.25  48.21  48.21  40.99
 31.52  31.52  28.86  25.83  25.83  25.83  28.86  35.5  37.68  40.82  43.14  40.41  40.07  39.76  46.8  48.91  45.01  48.22  48.92  59.8  61.25  48.21  48.21  40.99
 31.52  31.52  28.86  25.83  25.83  25.83  28.86  35.5  37.68  40.82  43.14  40.41  40.07  39.76  46.8  48.91  45.01  48.22  48.92  59.8  61.25  48.21  48.21  40.99
 31.52  31.52  28.86  25.83  25.83  25.83  28.86  35.5  37.68  40.82  43.14  40.41  40.07  39.76  46.8  48.91  45.01  48.22  48.92  59.8  61.25  48.21  48.21  40.99
 31.52  31.52  28.86  25.83  25.83  25.83  28.86  35.5  37.68  40.82  43.14  40.41  40.07  39.76  46.8  48.91  45.01  48.22  48.92  59.8  61.25  48.21  48.21  40.99
 31.52  31.52  28.86  25.83  25.83  25.83  28.86  35.5  37.68  40.82  43.14  40.41  40.07  39.76  46.8  48.91  45.01  48.22  48.92  59.8  61.25  48.21  48.21  40.99

julia> el_lmp_rt
24-element Array{Float64,1}:
   227.36
   206.7
   616.53
  1659.96
  1741.87
  1555.35
   700.66
  1606.27
  2238.07
  2912.13
  4067.16
  3310.68
  3803.6
  3377.27
  5303.54
  6724.4
  6309.65
  8032.54
  8552.54
 14922.44
 15082.34
  8395.32
  8855.6
  5143.3

julia> el_alpha
12×24 Array{Float64,2}:
0.0   0.0   0.0   0.0   0.0   0.0   0.0   0.01  0.16  0.22  0.14  0.12  0.14  0.12  0.08  0.08  0.09  0.07  0.02  0.0   0.0   0.04  0.04  0.04
0.0   0.0   0.0   0.0   0.0   0.0   0.0   0.0   0.0   0.0   0.0   0.0   0.0   0.0   0.0   0.0   0.0   0.0   0.0   0.04  0.04  0.0   0.0   0.0
0.0   0.0   0.0   0.0   0.0   0.0   0.0   0.0   0.0   0.0   0.0   0.0   0.0   0.0   0.0   0.2   0.0   0.06  0.28  0.28  0.29  0.1   0.06  0.0
0.6   0.58  0.61  0.04  0.07  0.06  0.82  0.2   0.01  0.0   0.0   0.0   0.0   0.09  0.0   0.0   0.02  0.01  0.0   0.0   0.0   0.1   0.22  0.38
0.0   0.0   0.0   0.0   0.0   0.0   0.0   0.09  0.08  0.08  0.0   0.08  0.07  0.08  0.0   0.0   0.07  0.0   0.0   0.0   0.0   0.06  0.06  0.0
0.07  0.0   0.0   0.0   0.0   0.0   0.0   0.0   0.0   0.0   0.07  0.01  0.04  0.0   0.13  0.12  0.06  0.11  0.11  0.1   0.1   0.03  0.0   0.0
0.0   0.0   0.0   0.0   0.0   0.0   0.0   0.0   0.0   0.22  0.21  0.09  0.09  0.05  0.21  0.19  0.17  0.17  0.15  0.14  0.15  0.15  0.13  0.11
0.0   0.0   0.0   0.36  0.35  0.3   0.0   0.0   0.0   0.0   0.0   0.0   0.0   0.0   0.0   0.0   0.0   0.0   0.0   0.0   0.0   0.0   0.0   0.0
0.0   0.0   0.39  0.6   0.57  0.64  0.18  0.0   0.0   0.0   0.0   0.0   0.0   0.0   0.0   0.0   0.0   0.0   0.0   0.0   0.0   0.0   0.0   0.0
0.0   0.0   0.0   0.0   0.0   0.0   0.0   0.19  0.21  0.24  0.24  0.22  0.23  0.2   0.23  0.22  0.2   0.2   0.19  0.19  0.19  0.16  0.14  0.12
0.0   0.0   0.0   0.0   0.0   0.0   0.0   0.0   0.0   0.0   0.0   0.0   0.0   0.0   0.0   0.0   0.0   0.0   0.0   0.0   0.0   0.0   0.0   0.0
0.33  0.42  0.0   0.0   0.0   0.0   0.0   0.51  0.54  0.23  0.34  0.46  0.43  0.46  0.36  0.19  0.39  0.38  0.24  0.25  0.24  0.36  0.34  0.35

julia> ng_prod
3×24 Array{Float64,2}:
 6000.0  6000.0   6000.0   6000.0  6000.0   6000.0   6000.0   6000.0   6000.0   5544.79  5004.92  5136.71  4735.95  5317.68  5218.42  4766.63  4594.71  4795.36  4465.68  4172.72     0.0      0.0      0.0      0.0
 8000.0  6955.11  7050.19  7103.0  6807.35  6741.83  6807.52  7259.44  7335.16  7119.4   7061.64  7014.57  6985.34  7036.85  6917.51  6519.64  6902.94  6459.46  6553.17  4406.81  2778.61  2113.02  1442.05  1485.94
    0.0     0.0      0.0      0.0     0.0      0.0      0.0      0.0      0.0     47.54   307.4    598.63   885.03  1299.9   1449.2   1742.19  2048.52  2283.36  2501.05  2795.21  3061.42  3348.72  3608.68  3943.18

julia> ng_beta
3×24 Array{Float64,2}:
0.0  0.0   0.0   0.0   0.0   0.0   0.0   0.0   0.0   0.4   0.56  0.48  0.47  1.05  1.52  0.79  0.41  0.37  0.18  1.14  0.0   0.0   0.0   0.0
0.0  2.75  2.29  2.01  2.15  2.21  1.85  1.71  1.76  2.01  1.38  2.19  0.81  2.55  0.74  0.18  0.73  0.24  0.0   0.0   0.0   0.0   0.0   0.0
0.0  0.0   0.0   0.0   0.0   0.0   0.0   0.0   0.0   0.14  0.83  1.58  0.41  0.0   0.0   0.0   0.0   0.0   0.0   0.0   0.09  0.57  0.55  0.39


julia> el_alpha
12×24 Array{Float64,2}:
 0.0   0.0   0.0   0.0   0.0   0.0   0.0   0.01  0.16  0.22  0.14  0.12  0.14  0.12  0.08  0.08  0.09  0.07  0.02  0.0   0.0   0.04  0.04  0.04
 0.0   0.0   0.0   0.0   0.0   0.0   0.0   0.0   0.0   0.0   0.0   0.0   0.0   0.0   0.0   0.0   0.0   0.0   0.0   0.04  0.04  0.0   0.0   0.0
 0.0   0.0   0.0   0.0   0.0   0.0   0.0   0.0   0.0   0.0   0.0   0.0   0.0   0.0   0.0   0.2   0.0   0.06  0.28  0.28  0.29  0.1   0.06  0.0
 0.6   0.58  0.61  0.04  0.07  0.06  0.82  0.2   0.01  0.0   0.0   0.0   0.0   0.09  0.0   0.0   0.02  0.01  0.0   0.0   0.0   0.1   0.22  0.38
 0.0   0.0   0.0   0.0   0.0   0.0   0.0   0.09  0.08  0.08  0.0   0.08  0.07  0.08  0.0   0.0   0.07  0.0   0.0   0.0   0.0   0.06  0.06  0.0
 0.07  0.0   0.0   0.0   0.0   0.0   0.0   0.0   0.0   0.0   0.07  0.01  0.04  0.0   0.13  0.12  0.06  0.11  0.11  0.1   0.1   0.03  0.0   0.0
 0.0   0.0   0.0   0.0   0.0   0.0   0.0   0.0   0.0   0.22  0.21  0.09  0.09  0.05  0.21  0.19  0.17  0.17  0.15  0.14  0.15  0.15  0.13  0.11
 0.0   0.0   0.0   0.36  0.35  0.3   0.0   0.0   0.0   0.0   0.0   0.0   0.0   0.0   0.0   0.0   0.0   0.0   0.0   0.0   0.0   0.0   0.0   0.0
 0.0   0.0   0.39  0.6   0.57  0.64  0.18  0.0   0.0   0.0   0.0   0.0   0.0   0.0   0.0   0.0   0.0   0.0   0.0   0.0   0.0   0.0   0.0   0.0
 0.0   0.0   0.0   0.0   0.0   0.0   0.0   0.19  0.21  0.24  0.24  0.22  0.23  0.2   0.23  0.22  0.2   0.2   0.19  0.19  0.19  0.16  0.14  0.12
 0.0   0.0   0.0   0.0   0.0   0.0   0.0   0.0   0.0   0.0   0.0   0.0   0.0   0.0   0.0   0.0   0.0   0.0   0.0   0.0   0.0   0.0   0.0   0.0
 0.33  0.42  0.0   0.0   0.0   0.0   0.0   0.51  0.54  0.23  0.34  0.46  0.43  0.46  0.36  0.19  0.39  0.38  0.24  0.25  0.24  0.36  0.34  0.35

julia> ng_flows
 12×24 Array{Float64,2}:
  4454.14  5031.48  5238.68  5355.53  5436.78  5539.04  5646.09  5710.85  5748.65  5501.54  5140.69  5145.22  4885.88  5175.42  5155.41  4890.04  4741.28  4821.44  4618.72  4397.28  1697.77  1178.23   895.97   659.17
  2986.99  3523.59  3934.2   4175.28  4405.13  4855.32  5078.74  5202.85  5277.87  5267.91  5204.79  5115.2   5025.69  5008.46  5016.96  5024.2   4927.68  4898.19  4788.77  4747.78  4026.3   3149.76  2455.75  1805.33
  6356.39  6182.19  6446.5   6643.75  6611.65  6487.96  6633.98  6881.69  7094.64  7049.44  6934.74  6989.39  6952.21  6976.69  6872.46  6482.24  6937.41  6537.03  6670.09  5378.75  3697.18  3326.0   2319.83  1949.86
   423.39   532.87   588.82   675.89   604.23    72.71   163.28   248.97   292.45   317.37   332.36   255.24   278.66   261.73   252.07   477.78   278.13   364.93   473.84   354.6   1011.75   762.13  1172.34  1062.8
  3315.36  3721.23  3959.02  4192.17  4383.14  4344.82  4352.28  4459.23  4557.89  4703.05  4816.1   4872.0   4868.57  4812.58  4908.27  4898.75  4895.18  4904.27  4871.98  4887.15  4628.58  4410.27  4047.15  3501.08
  3600.24  1796.73  1906.69  1956.35  2328.72  4036.15  4196.62  4180.04  4238.56  4483.5   4541.49  4561.83  4574.97  4527.64  4649.46  4675.06  4715.66  4711.77  4382.55  4705.62  4499.7   4225.36  3322.56  2686.27
   185.59  1451.72  1452.58  1515.36  1607.82  1522.01  1260.99   722.02   460.95    75.05   165.64   139.69   445.04   503.77    75.62    46.83   142.21    63.35   225.42   115.64    40.9      3.19     0.0     51.37
  1192.39     5.83     0.0      0.0    139.61  1306.23  1500.62  1663.48  1736.1   1456.32  1214.01  1732.68  1720.95  1820.57  1593.84  1539.84  1447.2   1409.45  1213.08  1369.17  1483.57  1475.69  1088.91   269.94
   470.39  1518.71  1475.77  1458.11  1471.41  1752.27  1915.01  1941.74  1949.44  1860.52  1779.96  1891.06  1966.86  1906.63  1822.3   1738.54  1629.46  1580.7   1570.68  1606.03  1587.04  1457.25  1213.02   594.13
  1895.93  1525.37  1456.1   1389.59  1358.5   1434.92  1553.54  1732.72  1844.42  1905.82  2124.99  1965.42  1874.59  1581.28  1760.84  1747.95  1499.31  1604.35  1657.87  1720.74  1620.42  1261.16   980.09   321.56
  1443.58  1502.11  1339.0   1258.11  1221.78  1237.88  1324.95  1296.11  1478.84  1661.79  1480.85  1566.42  1038.71   639.24   397.83   348.42   439.11   235.82   276.7     87.71   141.66   258.16   236.12    48.74
  1869.74  1222.0   1103.71  1073.69  1067.04  1077.34  1199.11  1244.95  1744.29  2036.01  2296.15  2087.75  1859.71  1699.4   2348.49  2437.03  2536.93  2717.71  2981.06  3299.08  3357.47  3082.65  3118.48  3291.8

julia> ng_pre
 12×24 Array{Float64,2}:
  368.4   388.39  402.03  413.07  422.53  430.58  437.02  442.08  446.31  444.89  439.85  439.75  435.4   439.86  440.7   436.73  433.31  433.49  429.59  424.47  383.76  363.1   347.8   336.58
  332.29  344.32  355.84  366.11  375.27  382.45  387.72  392.22  396.29  399.15  399.7   399.51  398.91  399.14  400.39  400.29  398.86  397.82  396.66  394.35  378.94  360.65  346.33  335.76
  387.33  402.28  412.15  417.3   415.86  421.24  424.15  431.61  434.91  433.39  434.98  434.05  434.03  435.03  434.97  436.74  435.23  433.97  430.54  406.17  390.04  364.23  351.2   353.87
  314.7   320.5   326.93  334.37  340.7   340.88  342.67  345.41  348.59  352.02  353.84  355.3   356.24  356.82  358.07  357.82  357.93  357.29  357.89  356.04  350.6   342.66  335.04  329.51
  313.83  319.49  325.72  332.82  339.48  340.86  342.58  345.2   348.31  351.7   353.49  355.09  356.0   356.6   357.86  357.09  357.69  356.87  357.18  355.63  347.27  340.73  330.35  315.31
  271.23  265.85  265.62  266.3   267.74  270.89  272.78  272.17  272.42  271.18  268.99  268.82  270.16  273.21  270.99  270.37  271.3   269.84  271.58  268.92  268.36  268.31  268.31  267.63
  263.9   260.75  260.98  260.74  263.1   272.72  278.37  282.29  284.21  279.89  280.06  281.16  281.87  284.32  281.41  280.13  278.73  278.06  275.44  276.68  277.5   277.36  273.28  267.93
  257.72  260.74  260.51  260.74  261.51  265.38  269.04  270.94  271.92  271.16  268.93  268.78  269.69  270.78  270.98  270.36  270.07  269.84  269.31  268.89  268.35  268.31  268.31  267.63
  257.17  255.04  255.12  255.49  256.17  257.9   260.2   261.92  262.86  262.9   261.31  260.15  260.38  262.08  263.05  263.13  263.73  263.86  263.4   262.7   262.3   263.22  264.79  266.78
  248.1   249.15  249.76  250.62  251.54  252.75  254.22  254.5   254.47  253.93  250.04  250.51  251.63  255.92  255.42  255.62  258.24  257.57  256.66  255.41  255.84  259.34  262.47  266.54
  242.68  243.31  245.14  246.56  247.72  248.86  249.77  250.26  248.93  246.9   244.39  244.18  248.88  254.9   255.03  255.32  257.76  257.43  256.47  255.39  255.79  259.17  262.33  259.57
  233.31  239.36  241.95  243.56  244.77  245.87  246.08  246.28  241.01  235.95  230.22  232.52  223.07  212.53  197.39  185.87  176.09  171.46  168.31  159.29  153.18  157.99  169.91  192.72


julia> linepack
12×24 Array{Float64,2}:
 42391.7  44328.8  45851.4  47140.3  48266.8  49188.7  49896.5  50474.8  50977.5  51064.0  50792.5  50775.4  50475.6  50760.1  50886.1  50639.3  50346.2  50294.0  49987.9  49538.8  46143.3  43786.8  41994.9  40676.5
 39142.6  40221.3  41307.7  42379.3  43316.1  43761.6  44188.5  44626.2  45065.1  45445.9  45589.2  45666.3  45686.5  45735.9  45886.8  45865.2  45785.6  45684.2  45650.2  45398.4  44136.8  42550.2  41222.6  40248.6
 52587.2  54133.1  55340.5  56258.9  56650.4  57158.1  57505.2  58260.7  58741.7  58881.6  59135.4  59185.8  59252.0  59372.3  59462.4  59537.3  59468.3  59313.2  59079.3  57135.4  55298.3  52872.3  51116.8  50188.9
 58453.2  59519.0  60696.6  62048.4  63256.9  63402.3  63728.8  64226.8  64811.7  65446.4  65781.8  66066.4  66238.3  66348.4  66581.4  66486.5  66552.3  66417.0  66501.7  66185.3  64901.5  63555.2  61881.5  59968.3
 55288.4  55314.4  55882.0  56616.7  57382.3  57810.8  58152.2  58341.6  58659.1  58861.9  58824.7  58960.0  59171.5  59517.8  59427.2  59294.8  59438.7  59224.5  59417.5  59020.2  58176.8  57554.8  56574.1  55088.3
 53230.9  53474.4  54087.8  54750.5  55549.5  56451.5  57135.7  57747.7  58217.7  58136.3  58319.4  58554.0  58706.0  58984.7  58831.7  58690.9  58572.5  58452.1  58266.2  58209.6  57784.6  57042.0  55965.1  54964.8
 39671.2  39494.1  39459.4  39528.4  39693.4  40220.5  40636.7  40733.4  40825.7  40675.6  40344.3  40320.1  40488.5  40799.5  40648.2  40554.6  40602.7  40476.0  40566.6  40335.3  40253.5  40247.1  40247.1  40144.3
 46684.8  46673.1  46673.1  46673.1  46952.3  48160.2  48993.0  49514.1  49774.0  49319.5  49134.9  49219.1  49364.2  49681.1  49439.0  49268.8  49117.7  49036.4  48754.8  48827.9  48853.8  48838.1  48472.5  47932.6
 38359.2  38425.6  38413.9  38459.5  38567.2  38984.3  39428.5  39698.3  39841.2  39787.5  39502.7  39405.4  39490.2  39697.7  39785.3  39745.5  39768.3  39760.6  39687.2  39602.9  39533.8  39599.1  39716.5  39813.5
 37389.7  37310.0  37361.0  37452.5  37570.6  37788.2  38067.0  38215.2  38282.3  38245.4  37840.1  37788.8  37888.5  38331.7  38366.9  38388.0  38625.4  38585.9  38484.9  38339.7  38342.1  38669.0  39017.5  39465.6
 36808.2  36934.4  37117.6  37289.1  37444.5  37620.9  37799.3  37857.1  37755.0  37562.4  37082.4  37101.3  37537.7  38311.4  38283.7  38320.6  38699.7  38624.8  38485.1  38309.7  38371.7  38888.1  39360.3  39457.8
 30939.5  31373.5  31660.9  31858.3  32012.3  32157.0  32230.2  32274.8  31846.0  31385.2  30849.4  30985.1  30676.8  30382.6  29407.4  28677.6  28199.9  27877.8  27610.8  26953.9  26583.1  27115.3  28095.7  29398.4


julia> ng_rho
12×24 Array{Float64,2}:
 0.35  0.26  0.22  0.19  0.18  0.17  0.17  0.17  0.16  0.16  0.16  0.16  0.16  0.16  0.16  0.16  0.15  0.14  0.14  0.14  0.13  0.13  0.13  0.14
 0.19  0.21  0.2   0.19  0.18  0.17  0.17  0.17  0.16  0.16  0.16  0.16  0.16  0.16  0.16  0.15  0.15  0.14  0.14  0.13  0.13  0.12  0.11  0.1
 0.2   0.21  0.21  0.2   0.19  0.2   0.21  0.19  0.19  0.18  0.17  0.17  0.16  0.17  0.16  0.16  0.14  0.14  0.13  0.12  0.13  0.14  0.15  0.14
 0.14  0.15  0.16  0.17  0.16  0.16  0.16  0.16  0.16  0.16  0.16  0.15  0.15  0.15  0.15  0.14  0.14  0.13  0.13  0.12  0.12  0.11  0.1   0.1
 0.11  0.11  0.13  0.14  0.15  0.15  0.16  0.16  0.15  0.16  0.16  0.15  0.15  0.15  0.15  0.14  0.14  0.13  0.13  0.12  0.11  0.1   0.1   0.09
 0.08  0.08  0.08  0.08  0.09  0.09  0.1   0.1   0.1   0.09  0.08  0.08  0.08  0.08  0.07  0.07  0.07  0.07  0.07  0.06  0.06  0.06  0.06  0.06
 0.12  0.12  0.12  0.12  0.13  0.13  0.14  0.14  0.14  0.12  0.1   0.1   0.09  0.1   0.09  0.08  0.07  0.07  0.07  0.07  0.07  0.07  0.07  0.07
 0.08  0.08  0.08  0.08  0.07  0.07  0.07  0.07  0.07  0.08  0.08  0.08  0.08  0.07  0.07  0.07  0.07  0.07  0.07  0.06  0.06  0.06  0.06  0.06
 0.08  0.07  0.07  0.07  0.07  0.07  0.07  0.07  0.07  0.07  0.07  0.07  0.07  0.07  0.06  0.06  0.06  0.06  0.06  0.05  0.05  0.04  0.03  0.03
 0.07  0.07  0.07  0.07  0.07  0.07  0.07  0.07  0.06  0.06  0.06  0.06  0.05  0.06  0.04  0.04  0.03  0.03  0.02  0.02  0.02  0.02  0.02  0.03
 0.06  0.06  0.06  0.07  0.07  0.06  0.06  0.07  0.06  0.06  0.06  0.06  0.05  0.04  0.04  0.03  0.03  0.03  0.02  0.02  0.02  0.02  0.02  0.02
 0.04  0.05  0.05  0.05  0.06  0.06  0.06  0.06  0.04  0.01  0.01  0.01  0.0   0.0   0.0   0.01  0.0   0.0   0.01  0.01  0.0   0.0   0.0   0.0

julia> ng_gamma
12×24 Array{Float64,2}:
 2.33  2.26  1.5   1.04  0.72  0.5   0.02  0.06  0.26  0.52  0.66  0.61  0.6   1.01  1.4   1.05  0.79  0.71  0.55  1.15  0.48  0.22  0.2   0.0
 2.9   3.6   2.99  2.24  1.81  1.21  0.16  0.16  0.53  0.85  0.88  0.84  0.87  1.06  1.35  1.55  1.46  1.35  1.24  1.39  1.34  0.96  0.85  0.52
 0.62  2.2   1.93  1.74  2.03  1.71  1.56  2.21  2.02  2.22  1.7   2.25  1.43  2.32  1.35  0.45  1.25  0.65  0.56  0.42  0.0   0.0   0.0   0.23
 0.49  0.82  1.03  0.87  0.47  0.15  0.0   0.0   0.0   0.0   0.22  0.15  0.23  0.27  0.19  0.65  0.28  0.47  0.42  0.47  0.73  0.7   0.64  0.43
 1.44  1.24  1.05  0.91  1.09  0.8   0.82  2.61  2.52  2.81  2.81  2.8   2.77  2.63  2.68  2.49  2.47  2.36  2.28  2.18  1.96  1.77  1.59  1.5
 1.39  0.52  0.47  0.34  0.91  0.8   0.31  0.1   0.27  2.18  2.05  1.18  1.2   0.93  2.3   2.33  2.17  2.07  1.9   1.87  1.97  1.83  1.64  1.3
 0.33  0.67  0.57  0.44  0.21  0.2   0.19  0.0   0.09  0.15  0.0   0.2   0.2   0.11  0.06  0.1   0.13  0.14  0.18  0.21  0.08  0.0   0.0   0.0
 0.81  0.01  0.0   0.0   0.29  0.25  0.17  0.0   0.0   0.53  0.72  0.27  0.19  0.0   0.51  0.34  0.3   0.3   0.24  0.16  0.0   0.0   0.0   0.0
 0.26  0.61  0.65  0.58  0.29  0.06  0.0   0.16  0.33  1.04  1.22  1.03  0.91  0.59  0.98  1.0   1.02  1.03  1.0   0.95  0.48  0.3   0.24  0.15
 0.9   0.73  0.69  0.61  0.41  0.06  0.0   0.65  0.68  0.82  1.06  1.11  1.21  0.92  1.36  1.43  1.43  1.41  1.4   1.37  1.15  0.9   0.66  0.24
 0.77  0.73  0.58  0.44  0.29  0.11  0.0   0.17  0.22  0.17  0.26  0.0   0.34  0.33  0.57  0.41  0.28  0.3   0.34  0.16  0.11  0.0   0.09  0.1
 0.68  0.33  0.23  0.15  0.1   0.1   0.0   0.25  1.26  1.66  1.56  1.58  1.44  1.08  1.04  0.91  0.84  0.72  0.49  0.53  0.52  0.52  0.56  0.48

julia> ng_lmp_da
12×24 Array{Float64,2}:
  2.92  2.88  2.83  2.78  2.71  2.62  2.51  2.31  2.25  2.0   2.0   2.0   2.0   2.0   2.0   2.0   2.0   2.0   2.0   2.0   1.96  1.89  1.76  1.46
  2.97  2.92  2.88  2.83  2.78  2.72  2.64  2.57  2.5   2.45  2.43  2.43  2.43  2.43  2.4   2.37  2.34  2.29  2.21  2.1   1.98  1.87  1.69  1.28
  2.44  2.4   2.4   2.4   2.4   2.4   2.4   2.4   2.4   2.4   2.4   2.4   2.4   2.42  2.4   2.4   2.4   2.4   2.4   2.4   2.4   2.4   2.4   2.4
  3.06  3.02  2.99  2.96  2.94  2.94  2.93  2.92  2.91  2.9   2.87  2.87  2.87  2.86  2.86  2.78  2.77  2.7   2.62  2.45  2.24  2.2   2.16  2.4
  2.7   2.4   2.4   2.4   2.4   2.4   2.4   2.4   2.4   2.4   2.4   2.44  2.48  2.53  2.4   2.4   2.4   2.4   2.4   2.4   2.4   2.4   2.4   2.4
  2.72  2.81  2.83  2.84  2.85  2.87  2.89  2.92  2.95  3.07  3.24  3.04  3.03  3.06  3.52  3.68  3.38  3.63  3.68  4.5   4.61  3.63  3.63  3.08
  5.31  3.02  2.99  2.96  2.94  2.94  2.95  2.95  2.95  2.96  2.97  2.99  2.99  2.97  2.95  2.92  2.84  2.74  2.62  2.58  2.58  2.34  2.16  2.4
 -0.5   2.9   2.91  2.91  2.94  2.94  2.95  2.96  2.97  2.97  2.97  3.01  3.05  3.06  3.03  3.08  3.07  2.95  2.87  2.58  2.86  3.07  2.2   1.95
 -1.04  2.95  2.96  2.98  3.0   3.01  3.03  3.04  3.05  3.06  3.07  3.11  3.13  3.15  3.17  3.2   3.22  3.23  3.27  3.38  3.6   3.78  3.95  4.91
  2.04  2.99  3.01  3.02  3.04  3.06  3.07  3.09  3.1   3.12  3.15  3.17  3.19  3.22  3.26  3.3   3.36  3.46  3.6   3.96  4.12  4.41  4.9   5.86
  2.67  3.01  3.03  3.05  3.06  3.08  3.1   3.12  3.13  3.15  3.17  3.19  3.2   3.2   3.2   3.2   3.2   3.2   3.2   3.2   3.2   3.2   3.2   3.2
  2.84  3.02  3.04  3.05  3.07  3.09  3.11  3.12  3.15  3.17  3.18  3.19  3.2   3.2   3.2   3.2   3.2   3.2   3.2   3.2   3.2   3.2   3.2   3.2
